C:\Victory_427\Space_Invaders_Lab_4\implementation\system.ngc 1415162118
C:/Victory_427/Space_Invaders_Lab_4/implementation/push_buttons_5bits_wrapper.ngc 1415162082
C:/Victory_427/Space_Invaders_Lab_4/implementation/rs232_uart_1_wrapper.ngc 1415162055
C:/Victory_427/Space_Invaders_Lab_4/implementation/proc_sys_reset_0_wrapper.ngc 1415162055
C:/Victory_427/Space_Invaders_Lab_4/implementation/clock_generator_0_wrapper.ngc 1415162089
C:/Victory_427/Space_Invaders_Lab_4/implementation/axi_hdmi_0_wrapper.ngc 1415162055
C:/Victory_427/Space_Invaders_Lab_4/implementation/axi_ac97_0_wrapper.ngc 1415162082
C:/Victory_427/Space_Invaders_Lab_4/implementation/microblaze_0_ilmb_wrapper.ngc 1415162055
C:/Victory_427/Space_Invaders_Lab_4/implementation/microblaze_0_dlmb_wrapper.ngc 1415162055
C:/Victory_427/Space_Invaders_Lab_4/implementation/mcb_ddr2_wrapper.ngc 1415162055
C:/Victory_427/Space_Invaders_Lab_4/implementation/axi4lite_0_wrapper.ngc 1415162082
C:/Victory_427/Space_Invaders_Lab_4/implementation/axi4_0_wrapper.ngc 1415162055
C:/Victory_427/Space_Invaders_Lab_4/implementation/microblaze_0_wrapper.ngc 1415162082
C:/Victory_427/Space_Invaders_Lab_4/implementation/axi_vdma_0_wrapper.ngc 1415162055
C:/Victory_427/Space_Invaders_Lab_4/implementation/axi_intc_0_wrapper.ngc 1415162082
C:/Victory_427/Space_Invaders_Lab_4/implementation/microblaze_0_i_bram_ctrl_wrapper.ngc 1415162055
C:/Victory_427/Space_Invaders_Lab_4/implementation/microblaze_0_d_bram_ctrl_wrapper.ngc 1415162055
C:/Victory_427/Space_Invaders_Lab_4/implementation/debug_module_wrapper.ngc 1415162055
C:/Victory_427/Space_Invaders_Lab_4/implementation/fit_timer_0_wrapper.ngc 1415162082
C:/Victory_427/Space_Invaders_Lab_4/implementation/axi_timer_0_wrapper.ngc 1415162055
C:/Victory_427/Space_Invaders_Lab_4/implementation/digilent_quadspi_cntlr_wrapper.ngc 1415162055
C:/Victory_427/Space_Invaders_Lab_4/implementation/pit_timer_0_wrapper.ngc 1415162082
C:/Victory_427/Space_Invaders_Lab_4/implementation/microblaze_0_bram_block_wrapper.ngc 1415162055
OK
