
**** Build of configuration Main for project space_invaders ****

make all 
Building file: ../src/bitMapper.c
Invoking: MicroBlaze gcc compiler
mb-gcc -Wall -O0 -g3 -c -fmessage-length=0 -I../../space_invaders_bsp/microblaze_0/include -mlittle-endian -mxl-barrel-shift -mxl-pattern-compare -mcpu=v8.20.b -mno-xl-soft-mul -MMD -MP -MF"src/bitMapper.d" -MT"src/bitMapper.d" -o"src/bitMapper.o" "../src/bitMapper.c"
../src/bitMapper.c:138: warning: return type defaults to 'int'
../src/bitMapper.c: In function 'main':
../src/bitMapper.c:154: warning: control reaches end of non-void function
Finished building: ../src/bitMapper.c
' '
Building target: space_invaders.elf
Invoking: MicroBlaze gcc linker
mb-gcc -Wl,-T -Wl,../src/lscript.ld -L../../space_invaders_bsp/microblaze_0/lib -mlittle-endian -mxl-barrel-shift -mxl-pattern-compare -mcpu=v8.20.b -mno-xl-soft-mul -o"space_invaders.elf"  ./src/bitMapper.o ./src/platform.o   -Wl,--start-group,-lxil,-lgcc,-lc,--end-group
Finished building target: space_invaders.elf
' '
Invoking: MicroBlaze Print Size
mb-size space_invaders.elf  |tee "space_invaders.elf.size"
   text	   data	    bss	    dec	    hex	filename
  11640	   1720	   2144	  15504	   3c90	space_invaders.elf
Finished building: space_invaders.elf.size
' '
Invoking: Xilinx ELF Check
elfcheck space_invaders.elf -hw ../../427_hw_platform/system.xml -pe microblaze_0  |tee "space_invaders.elf.elfcheck"
elfcheck
Xilinx EDK 13.4 Build EDK_O.87xd
Copyright (c) 1995-2011 Xilinx, Inc.  All rights reserved.

Command Line: elfcheck -hw ../../427_hw_platform/system.xml -pe microblaze_0
space_invaders.elf 

ELF file	: space_invaders.elf
elfcheck passed.
Finished building: space_invaders.elf.elfcheck
' '
